[2022/12/14 15:35:36] 153536 
[2022/12/14 15:35:36] 153536 ■ファイル取得指示が 17 件あります。
[2022/12/14 15:35:36] 153536 ■コメント "[1.1]テンプレートファイル"
[2022/12/14 15:35:36] 153536 ■ﾛｰｶﾙｻｲﾄﾞ:"%LOCALAPPDATA%\Autodesk\AutoCAD Mechanical 2020\R23.1\jpn\Acadm\Template\am_JIS-TOYO.dwt"
[2022/12/14 15:35:36] 153536 ■-> 環境変数展開後:"C:\Users\Lenovo\AppData\Local\Autodesk\AutoCAD Mechanical 2020\R23.1\jpn\Acadm\Template\am_JIS-TOYO.dwt"
[2022/12/14 15:35:36] 153536 ■ｻｰﾊﾞｰｻｲﾄﾞ:C:\ProgramData\TOYOCOMMON\Autocad\Template\am2020_JIS-TOYO.dwt
 -> テンポラリ:C:\Users\Lenovo\AppData\Local\Temp\3pucmawy.ht2 取得成功
[2022/12/14 15:35:36] 153536 ■ディレクトリ "C:\Users\Lenovo\AppData\Local\Autodesk\AutoCAD Mechanical 2020\R23.1\jpn\Acadm\Template" が無いため作成しました。処理を続けます
[2022/12/14 15:35:36] 153536 ■テンポラリ:SasaLib.ManagedTemporaryFile -> ﾛｰｶﾙｻｲﾄﾞ:C:\Users\Lenovo\AppData\Local\Autodesk\AutoCAD Mechanical 2020\R23.1\jpn\Acadm\Template\am_JIS-TOYO.dwt 移動成功
[2022/12/14 15:35:36] 153536 ■コメント "[1.2]テンプレートファイル TOYO-PageSetUP.dwt"
[2022/12/14 15:35:36] 153536 ■ﾛｰｶﾙｻｲﾄﾞ:"%LOCALAPPDATA%\Autodesk\AutoCAD Mechanical 2020\R24.1\jpn\Acadm\Template\TOYO-PageSetUP.dwt"
[2022/12/14 15:35:36] 153536 ■-> 環境変数展開後:"C:\Users\Lenovo\AppData\Local\Autodesk\AutoCAD Mechanical 2020\R24.1\jpn\Acadm\Template\TOYO-PageSetUP.dwt"
[2022/12/14 15:35:36] 153536 ■ｻｰﾊﾞｰｻｲﾄﾞ:C:\ProgramData\TOYOCOMMON\Autocad\Template\am2020_TOYO-PageSetUP.dwt
 -> テンポラリ:C:\Users\Lenovo\AppData\Local\Temp\xzyto4qn.cgx 取得成功
[2022/12/14 15:35:36] 153536 ■ディレクトリ "C:\Users\Lenovo\AppData\Local\Autodesk\AutoCAD Mechanical 2020\R24.1\jpn\Acadm\Template" が無いため作成しました。処理を続けます
[2022/12/14 15:35:36] 153536 ■テンポラリ:SasaLib.ManagedTemporaryFile -> ﾛｰｶﾙｻｲﾄﾞ:C:\Users\Lenovo\AppData\Local\Autodesk\AutoCAD Mechanical 2020\R24.1\jpn\Acadm\Template\TOYO-PageSetUP.dwt 移動成功
[2022/12/14 15:35:36] 153536 ■コメント "[2.1]部品図用表題欄"
[2022/12/14 15:35:36] 153536 ■ﾛｰｶﾙｻｲﾄﾞ:"%PUBLIC%\Documents\Autodesk\AutoCAD Mechanical 2020\Acadm\Gen\Dwg\Title\TOYO\TOYO-TYPE A.dwg"
[2022/12/14 15:35:36] 153536 ■-> 環境変数展開後:"C:\Users\Public\Documents\Autodesk\AutoCAD Mechanical 2020\Acadm\Gen\Dwg\Title\TOYO\TOYO-TYPE A.dwg"
[2022/12/14 15:35:36] 153536 ■ｻｰﾊﾞｰｻｲﾄﾞ:C:\ProgramData\TOYOCOMMON\Autocad\TITLE\Title_2020_TOYO-TYPE A.dwg
 -> テンポラリ:C:\Users\Lenovo\AppData\Local\Temp\mews2bzk.wt5 取得成功
[2022/12/14 15:35:36] 153536 ■ディレクトリ "C:\Users\Public\Documents\Autodesk\AutoCAD Mechanical 2020\Acadm\Gen\Dwg\Title\TOYO" が無いため作成しました。処理を続けます
[2022/12/14 15:35:36] 153536 ■テンポラリ:SasaLib.ManagedTemporaryFile -> ﾛｰｶﾙｻｲﾄﾞ:C:\Users\Public\Documents\Autodesk\AutoCAD Mechanical 2020\Acadm\Gen\Dwg\Title\TOYO\TOYO-TYPE A.dwg 移動成功
[2022/12/14 15:35:36] 153536 ■コメント "[2.2]組立図レイアウト図用表題欄"
[2022/12/14 15:35:36] 153536 ■ﾛｰｶﾙｻｲﾄﾞ:"%PUBLIC%\Documents\Autodesk\AutoCAD Mechanical 2020\Acadm\Gen\Dwg\Title\TOYO\TOYO-TYPE B.dwg"
[2022/12/14 15:35:36] 153536 ■-> 環境変数展開後:"C:\Users\Public\Documents\Autodesk\AutoCAD Mechanical 2020\Acadm\Gen\Dwg\Title\TOYO\TOYO-TYPE B.dwg"
[2022/12/14 15:35:36] 153536 ■ｻｰﾊﾞｰｻｲﾄﾞ:C:\ProgramData\TOYOCOMMON\Autocad\TITLE\Title_2020_TOYO-TYPE B.dwg
 -> テンポラリ:C:\Users\Lenovo\AppData\Local\Temp\pih3xc33.kfj 取得成功
[2022/12/14 15:35:36] 153536 ■ディレクトリ "C:\Users\Public\Documents\Autodesk\AutoCAD Mechanical 2020\Acadm\Gen\Dwg\Title\TOYO" は既に存在しています。処理を続けます
[2022/12/14 15:35:37] 153536 ■テンポラリ:SasaLib.ManagedTemporaryFile -> ﾛｰｶﾙｻｲﾄﾞ:C:\Users\Public\Documents\Autodesk\AutoCAD Mechanical 2020\Acadm\Gen\Dwg\Title\TOYO\TOYO-TYPE B.dwg 移動成功
[2022/12/14 15:35:37] 153536 ■コメント "[2.3]テーブル部品図用表題欄"
[2022/12/14 15:35:37] 153536 ■ﾛｰｶﾙｻｲﾄﾞ:"%PUBLIC%\Documents\Autodesk\AutoCAD Mechanical 2020\Acadm\Gen\Dwg\Title\TOYO\TOYO-TYPE-テーブル.dwg"
[2022/12/14 15:35:37] 153536 ■-> 環境変数展開後:"C:\Users\Public\Documents\Autodesk\AutoCAD Mechanical 2020\Acadm\Gen\Dwg\Title\TOYO\TOYO-TYPE-テーブル.dwg"
[2022/12/14 15:35:37] 153536 ■ｻｰﾊﾞｰｻｲﾄﾞ:C:\ProgramData\TOYOCOMMON\Autocad\TITLE\Title_2020_TOYO-TYPE-テーブル.dwg
 -> テンポラリ:C:\Users\Lenovo\AppData\Local\Temp\kbk3kdhb.xih 取得成功
[2022/12/14 15:35:37] 153536 ■ディレクトリ "C:\Users\Public\Documents\Autodesk\AutoCAD Mechanical 2020\Acadm\Gen\Dwg\Title\TOYO" は既に存在しています。処理を続けます
[2022/12/14 15:35:37] 153536 ■テンポラリ:SasaLib.ManagedTemporaryFile -> ﾛｰｶﾙｻｲﾄﾞ:C:\Users\Public\Documents\Autodesk\AutoCAD Mechanical 2020\Acadm\Gen\Dwg\Title\TOYO\TOYO-TYPE-テーブル.dwg 移動成功
[2022/12/14 15:35:37] 153536 ■コメント "[2.4]薄板部品図用表題欄"
[2022/12/14 15:35:37] 153536 ■ﾛｰｶﾙｻｲﾄﾞ:"%PUBLIC%\Documents\Autodesk\AutoCAD Mechanical 2020\Acadm\Gen\Dwg\Title\TOYO\TOYO-TYPE-薄板.dwg"
[2022/12/14 15:35:37] 153536 ■-> 環境変数展開後:"C:\Users\Public\Documents\Autodesk\AutoCAD Mechanical 2020\Acadm\Gen\Dwg\Title\TOYO\TOYO-TYPE-薄板.dwg"
[2022/12/14 15:35:37] 153536 ■ｻｰﾊﾞｰｻｲﾄﾞ:C:\ProgramData\TOYOCOMMON\Autocad\TITLE\Title_2020_TOYO-TYPE-薄板.dwg
 -> テンポラリ:C:\Users\Lenovo\AppData\Local\Temp\oawyfdfh.atk 取得成功
[2022/12/14 15:35:37] 153536 ■ディレクトリ "C:\Users\Public\Documents\Autodesk\AutoCAD Mechanical 2020\Acadm\Gen\Dwg\Title\TOYO" は既に存在しています。処理を続けます
[2022/12/14 15:35:37] 153536 ■テンポラリ:SasaLib.ManagedTemporaryFile -> ﾛｰｶﾙｻｲﾄﾞ:C:\Users\Public\Documents\Autodesk\AutoCAD Mechanical 2020\Acadm\Gen\Dwg\Title\TOYO\TOYO-TYPE-薄板.dwg 移動成功
[2022/12/14 15:35:37] 153536 ■コメント "[3.1]図面シートフォーマット 組立・レイアウト図用 A0横"
[2022/12/14 15:35:37] 153536 ■ﾛｰｶﾙｻｲﾄﾞ:"%PUBLIC%\Documents\Autodesk\AutoCAD Mechanical 2020\Acadm\Gen\Dwg\Format\TOYO\TOYO-A0L-ASSY.dwg"
[2022/12/14 15:35:37] 153536 ■-> 環境変数展開後:"C:\Users\Public\Documents\Autodesk\AutoCAD Mechanical 2020\Acadm\Gen\Dwg\Format\TOYO\TOYO-A0L-ASSY.dwg"
[2022/12/14 15:35:37] 153536 ■ｻｰﾊﾞｰｻｲﾄﾞ:C:\ProgramData\TOYOCOMMON\Autocad\Format\Format_2020_TOYO-A0L-ASSY.dwg
 -> テンポラリ:C:\Users\Lenovo\AppData\Local\Temp\ui04lz2z.pww 取得成功
[2022/12/14 15:35:37] 153536 ■ディレクトリ "C:\Users\Public\Documents\Autodesk\AutoCAD Mechanical 2020\Acadm\Gen\Dwg\Format\TOYO" が無いため作成しました。処理を続けます
[2022/12/14 15:35:37] 153536 ■テンポラリ:SasaLib.ManagedTemporaryFile -> ﾛｰｶﾙｻｲﾄﾞ:C:\Users\Public\Documents\Autodesk\AutoCAD Mechanical 2020\Acadm\Gen\Dwg\Format\TOYO\TOYO-A0L-ASSY.dwg 移動成功
[2022/12/14 15:35:37] 153536 ■コメント "[3.2]図面シートフォーマット 部品図用 A0横"
[2022/12/14 15:35:37] 153536 ■ﾛｰｶﾙｻｲﾄﾞ:"%PUBLIC%\Documents\Autodesk\AutoCAD Mechanical 2020\Acadm\Gen\Dwg\Format\TOYO\TOYO-A0L-PARTS.dwg"
[2022/12/14 15:35:37] 153536 ■-> 環境変数展開後:"C:\Users\Public\Documents\Autodesk\AutoCAD Mechanical 2020\Acadm\Gen\Dwg\Format\TOYO\TOYO-A0L-PARTS.dwg"
[2022/12/14 15:35:37] 153536 ■ｻｰﾊﾞｰｻｲﾄﾞ:C:\ProgramData\TOYOCOMMON\Autocad\Format\Format_2020_TOYO-A0L-PARTS.dwg
 -> テンポラリ:C:\Users\Lenovo\AppData\Local\Temp\r32j3kxe.jl1 取得成功
[2022/12/14 15:35:37] 153536 ■ディレクトリ "C:\Users\Public\Documents\Autodesk\AutoCAD Mechanical 2020\Acadm\Gen\Dwg\Format\TOYO" は既に存在しています。処理を続けます
[2022/12/14 15:35:37] 153536 ■テンポラリ:SasaLib.ManagedTemporaryFile -> ﾛｰｶﾙｻｲﾄﾞ:C:\Users\Public\Documents\Autodesk\AutoCAD Mechanical 2020\Acadm\Gen\Dwg\Format\TOYO\TOYO-A0L-PARTS.dwg 移動成功
[2022/12/14 15:35:37] 153536 ■コメント "[3.3]図面シートフォーマット 組立・レイアウト図用 A1横"
[2022/12/14 15:35:37] 153536 ■ﾛｰｶﾙｻｲﾄﾞ:"%PUBLIC%\Documents\Autodesk\AutoCAD Mechanical 2020\Acadm\Gen\Dwg\Format\TOYO\TOYO-A1L-ASSY.dwg"
[2022/12/14 15:35:37] 153536 ■-> 環境変数展開後:"C:\Users\Public\Documents\Autodesk\AutoCAD Mechanical 2020\Acadm\Gen\Dwg\Format\TOYO\TOYO-A1L-ASSY.dwg"
[2022/12/14 15:35:37] 153536 ■ｻｰﾊﾞｰｻｲﾄﾞ:C:\ProgramData\TOYOCOMMON\Autocad\Format\Format_2020_TOYO-A1L-ASSY.dwg
 -> テンポラリ:C:\Users\Lenovo\AppData\Local\Temp\wizvcoos.hgj 取得成功
[2022/12/14 15:35:37] 153536 ■ディレクトリ "C:\Users\Public\Documents\Autodesk\AutoCAD Mechanical 2020\Acadm\Gen\Dwg\Format\TOYO" は既に存在しています。処理を続けます
[2022/12/14 15:35:37] 153536 ■テンポラリ:SasaLib.ManagedTemporaryFile -> ﾛｰｶﾙｻｲﾄﾞ:C:\Users\Public\Documents\Autodesk\AutoCAD Mechanical 2020\Acadm\Gen\Dwg\Format\TOYO\TOYO-A1L-ASSY.dwg 移動成功
[2022/12/14 15:35:37] 153536 ■コメント "[3.4]図面シートフォーマット 部品図用 A1横"
[2022/12/14 15:35:37] 153536 ■ﾛｰｶﾙｻｲﾄﾞ:"%PUBLIC%\Documents\Autodesk\AutoCAD Mechanical 2020\Acadm\Gen\Dwg\Format\TOYO\TOYO-A1L-PARTS.dwg"
[2022/12/14 15:35:37] 153536 ■-> 環境変数展開後:"C:\Users\Public\Documents\Autodesk\AutoCAD Mechanical 2020\Acadm\Gen\Dwg\Format\TOYO\TOYO-A1L-PARTS.dwg"
[2022/12/14 15:35:37] 153536 ■ｻｰﾊﾞｰｻｲﾄﾞ:C:\ProgramData\TOYOCOMMON\Autocad\Format\Format_2020_TOYO-A1L-PARTS.dwg
 -> テンポラリ:C:\Users\Lenovo\AppData\Local\Temp\agvslzvg.wdj 取得成功
[2022/12/14 15:35:37] 153536 ■ディレクトリ "C:\Users\Public\Documents\Autodesk\AutoCAD Mechanical 2020\Acadm\Gen\Dwg\Format\TOYO" は既に存在しています。処理を続けます
[2022/12/14 15:35:37] 153536 ■テンポラリ:SasaLib.ManagedTemporaryFile -> ﾛｰｶﾙｻｲﾄﾞ:C:\Users\Public\Documents\Autodesk\AutoCAD Mechanical 2020\Acadm\Gen\Dwg\Format\TOYO\TOYO-A1L-PARTS.dwg 移動成功
[2022/12/14 15:35:37] 153536 ■コメント "[3.5]図面シートフォーマット 組立・レイアウト図用 A2横"
[2022/12/14 15:35:37] 153536 ■ﾛｰｶﾙｻｲﾄﾞ:"%PUBLIC%\Documents\Autodesk\AutoCAD Mechanical 2020\Acadm\Gen\Dwg\Format\TOYO\TOYO-A2L-ASSY.dwg"
[2022/12/14 15:35:37] 153536 ■-> 環境変数展開後:"C:\Users\Public\Documents\Autodesk\AutoCAD Mechanical 2020\Acadm\Gen\Dwg\Format\TOYO\TOYO-A2L-ASSY.dwg"
[2022/12/14 15:35:37] 153536 ■ｻｰﾊﾞｰｻｲﾄﾞ:C:\ProgramData\TOYOCOMMON\Autocad\Format\Format_2020_TOYO-A2L-ASSY.dwg
 -> テンポラリ:C:\Users\Lenovo\AppData\Local\Temp\0kgkzwvj.wkg 取得成功
[2022/12/14 15:35:37] 153536 ■ディレクトリ "C:\Users\Public\Documents\Autodesk\AutoCAD Mechanical 2020\Acadm\Gen\Dwg\Format\TOYO" は既に存在しています。処理を続けます
[2022/12/14 15:35:37] 153536 ■テンポラリ:SasaLib.ManagedTemporaryFile -> ﾛｰｶﾙｻｲﾄﾞ:C:\Users\Public\Documents\Autodesk\AutoCAD Mechanical 2020\Acadm\Gen\Dwg\Format\TOYO\TOYO-A2L-ASSY.dwg 移動成功
[2022/12/14 15:35:37] 153536 ■コメント "[3.6]図面シートフォーマット 部品図用 A2横"
[2022/12/14 15:35:37] 153536 ■ﾛｰｶﾙｻｲﾄﾞ:"%PUBLIC%\Documents\Autodesk\AutoCAD Mechanical 2020\Acadm\Gen\Dwg\Format\TOYO\TOYO-A2L-PARTS.dwg"
[2022/12/14 15:35:37] 153536 ■-> 環境変数展開後:"C:\Users\Public\Documents\Autodesk\AutoCAD Mechanical 2020\Acadm\Gen\Dwg\Format\TOYO\TOYO-A2L-PARTS.dwg"
[2022/12/14 15:35:37] 153536 ■ｻｰﾊﾞｰｻｲﾄﾞ:C:\ProgramData\TOYOCOMMON\Autocad\Format\Format_2020_TOYO-A2L-PARTS.dwg
 -> テンポラリ:C:\Users\Lenovo\AppData\Local\Temp\ac5yx1ab.g0u 取得成功
[2022/12/14 15:35:37] 153536 ■ディレクトリ "C:\Users\Public\Documents\Autodesk\AutoCAD Mechanical 2020\Acadm\Gen\Dwg\Format\TOYO" は既に存在しています。処理を続けます
[2022/12/14 15:35:37] 153536 ■テンポラリ:SasaLib.ManagedTemporaryFile -> ﾛｰｶﾙｻｲﾄﾞ:C:\Users\Public\Documents\Autodesk\AutoCAD Mechanical 2020\Acadm\Gen\Dwg\Format\TOYO\TOYO-A2L-PARTS.dwg 移動成功
[2022/12/14 15:35:37] 153536 ■コメント "[3.7]図面シートフォーマット 組立・レイアウト図用 A3横"
[2022/12/14 15:35:37] 153536 ■ﾛｰｶﾙｻｲﾄﾞ:"%PUBLIC%\Documents\Autodesk\AutoCAD Mechanical 2020\Acadm\Gen\Dwg\Format\TOYO\TOYO-A3L-ASSY.dwg"
[2022/12/14 15:35:37] 153536 ■-> 環境変数展開後:"C:\Users\Public\Documents\Autodesk\AutoCAD Mechanical 2020\Acadm\Gen\Dwg\Format\TOYO\TOYO-A3L-ASSY.dwg"
[2022/12/14 15:35:37] 153536 ■ｻｰﾊﾞｰｻｲﾄﾞ:C:\ProgramData\TOYOCOMMON\Autocad\Format\Format_2020_TOYO-A3L-ASSY.dwg
 -> テンポラリ:C:\Users\Lenovo\AppData\Local\Temp\05xtmcb2.4yg 取得成功
[2022/12/14 15:35:37] 153536 ■ディレクトリ "C:\Users\Public\Documents\Autodesk\AutoCAD Mechanical 2020\Acadm\Gen\Dwg\Format\TOYO" は既に存在しています。処理を続けます
[2022/12/14 15:35:37] 153536 ■テンポラリ:SasaLib.ManagedTemporaryFile -> ﾛｰｶﾙｻｲﾄﾞ:C:\Users\Public\Documents\Autodesk\AutoCAD Mechanical 2020\Acadm\Gen\Dwg\Format\TOYO\TOYO-A3L-ASSY.dwg 移動成功
[2022/12/14 15:35:37] 153536 ■コメント "[3.8]図面シートフォーマット 部品図用 A3横"
[2022/12/14 15:35:38] 153536 ■ﾛｰｶﾙｻｲﾄﾞ:"%PUBLIC%\Documents\Autodesk\AutoCAD Mechanical 2020\Acadm\Gen\Dwg\Format\TOYO\TOYO-A3L-PARTS.dwg"
[2022/12/14 15:35:38] 153536 ■-> 環境変数展開後:"C:\Users\Public\Documents\Autodesk\AutoCAD Mechanical 2020\Acadm\Gen\Dwg\Format\TOYO\TOYO-A3L-PARTS.dwg"
[2022/12/14 15:35:38] 153536 ■ｻｰﾊﾞｰｻｲﾄﾞ:C:\ProgramData\TOYOCOMMON\Autocad\Format\Format_2020_TOYO-A3L-PARTS.dwg
 -> テンポラリ:C:\Users\Lenovo\AppData\Local\Temp\1fjxj52x.rml 取得成功
[2022/12/14 15:35:38] 153536 ■ディレクトリ "C:\Users\Public\Documents\Autodesk\AutoCAD Mechanical 2020\Acadm\Gen\Dwg\Format\TOYO" は既に存在しています。処理を続けます
[2022/12/14 15:35:38] 153536 ■テンポラリ:SasaLib.ManagedTemporaryFile -> ﾛｰｶﾙｻｲﾄﾞ:C:\Users\Public\Documents\Autodesk\AutoCAD Mechanical 2020\Acadm\Gen\Dwg\Format\TOYO\TOYO-A3L-PARTS.dwg 移動成功
[2022/12/14 15:35:38] 153536 ■コメント "[3.9]図面シートフォーマット 組立・レイアウト図用 A4縦"
[2022/12/14 15:35:38] 153536 ■ﾛｰｶﾙｻｲﾄﾞ:"%PUBLIC%\Documents\Autodesk\AutoCAD Mechanical 2020\Acadm\Gen\Dwg\Format\TOYO\TOYO-A4R-ASSY.dwg"
[2022/12/14 15:35:38] 153536 ■-> 環境変数展開後:"C:\Users\Public\Documents\Autodesk\AutoCAD Mechanical 2020\Acadm\Gen\Dwg\Format\TOYO\TOYO-A4R-ASSY.dwg"
[2022/12/14 15:35:38] 153536 ■ｻｰﾊﾞｰｻｲﾄﾞ:C:\ProgramData\TOYOCOMMON\Autocad\Format\Format_2020_TOYO-A4R-ASSY.dwg
 -> テンポラリ:C:\Users\Lenovo\AppData\Local\Temp\owr4rwco.4is 取得成功
[2022/12/14 15:35:38] 153536 ■ディレクトリ "C:\Users\Public\Documents\Autodesk\AutoCAD Mechanical 2020\Acadm\Gen\Dwg\Format\TOYO" は既に存在しています。処理を続けます
[2022/12/14 15:35:38] 153536 ■テンポラリ:SasaLib.ManagedTemporaryFile -> ﾛｰｶﾙｻｲﾄﾞ:C:\Users\Public\Documents\Autodesk\AutoCAD Mechanical 2020\Acadm\Gen\Dwg\Format\TOYO\TOYO-A4R-ASSY.dwg 移動成功
[2022/12/14 15:35:38] 153536 ■コメント "[3.10]図面シートフォーマット 部品図用 A4縦"
[2022/12/14 15:35:38] 153536 ■ﾛｰｶﾙｻｲﾄﾞ:"%PUBLIC%\Documents\Autodesk\AutoCAD Mechanical 2020\Acadm\Gen\Dwg\Format\TOYO\TOYO-A4R-PARTS.dwg"
[2022/12/14 15:35:38] 153536 ■-> 環境変数展開後:"C:\Users\Public\Documents\Autodesk\AutoCAD Mechanical 2020\Acadm\Gen\Dwg\Format\TOYO\TOYO-A4R-PARTS.dwg"
[2022/12/14 15:35:38] 153536 ■ｻｰﾊﾞｰｻｲﾄﾞ:C:\ProgramData\TOYOCOMMON\Autocad\Format\Format_2020_TOYO-A4R-PARTS.dwg
 -> テンポラリ:C:\Users\Lenovo\AppData\Local\Temp\wrxkczfm.4fk 取得成功
[2022/12/14 15:35:38] 153536 ■ディレクトリ "C:\Users\Public\Documents\Autodesk\AutoCAD Mechanical 2020\Acadm\Gen\Dwg\Format\TOYO" は既に存在しています。処理を続けます
[2022/12/14 15:35:38] 153536 ■テンポラリ:SasaLib.ManagedTemporaryFile -> ﾛｰｶﾙｻｲﾄﾞ:C:\Users\Public\Documents\Autodesk\AutoCAD Mechanical 2020\Acadm\Gen\Dwg\Format\TOYO\TOYO-A4R-PARTS.dwg 移動成功
[2022/12/14 15:35:38] 153536 ■コメント "[4.1]ﾘﾋﾞｼﾞｮﾝテーブル"
[2022/12/14 15:35:38] 153536 ■ﾛｰｶﾙｻｲﾄﾞ:"%PUBLIC%\Documents\Autodesk\AutoCAD Mechanical 2020\Acadm\Gen\Dwg\Revisionlist\TOYO\TOYO_REVLIST.dwg"
[2022/12/14 15:35:38] 153536 ■-> 環境変数展開後:"C:\Users\Public\Documents\Autodesk\AutoCAD Mechanical 2020\Acadm\Gen\Dwg\Revisionlist\TOYO\TOYO_REVLIST.dwg"
[2022/12/14 15:35:38] 153536 ■ｻｰﾊﾞｰｻｲﾄﾞ:C:\ProgramData\TOYOCOMMON\Autocad\Revisionlist\Revisionlist_2020_TOYO_REVLIST.dwg
 -> テンポラリ:C:\Users\Lenovo\AppData\Local\Temp\zvzfl3ki.p2n 取得成功
[2022/12/14 15:35:38] 153536 ■ディレクトリ "C:\Users\Public\Documents\Autodesk\AutoCAD Mechanical 2020\Acadm\Gen\Dwg\Revisionlist\TOYO" が無いため作成しました。処理を続けます
[2022/12/14 15:35:38] 153536 ■テンポラリ:SasaLib.ManagedTemporaryFile -> ﾛｰｶﾙｻｲﾄﾞ:C:\Users\Public\Documents\Autodesk\AutoCAD Mechanical 2020\Acadm\Gen\Dwg\Revisionlist\TOYO\TOYO_REVLIST.dwg 移動成功
[2022/12/14 15:35:38] 153536 ■ファイル取得指示の結果はTrueでした。
[2022/12/14 15:35:38] 153536 ■コントロールファイル "AM2020テンプレート・図枠・表題欄など取得.Conf" を削除しました
[2022/12/14 15:35:38] 153536 ■Addin追加指令を実行しました。元のファイルは 履歴ﾌｧｲﾙ ".\AM2020テンプレート・図枠・表題欄など取得.Conf_2022-00-02_120000.Applied" として保存しました
[2022/12/14 15:35:38] 153536 ■Addin追加指令ﾌｧｲﾙ 処理を終了します
