[2022/12/14 15:35:48] 153548 
[2022/12/14 15:35:48] 153548 ■ファイル取得指示が 15 件あります。
[2022/12/14 15:35:48] 153548 ■コメント "[2.1]部品図用表題欄"
[2022/12/14 15:35:48] 153548 ■ﾛｰｶﾙｻｲﾄﾞ:"%PUBLIC%\Documents\Autodesk\AutoCAD Mechanical 2015\Acadm\Gen\Dwg\Title\TOYO\TOYO-TYPE A.dwg"
[2022/12/14 15:35:48] 153548 ■-> 環境変数展開後:"C:\Users\Public\Documents\Autodesk\AutoCAD Mechanical 2015\Acadm\Gen\Dwg\Title\TOYO\TOYO-TYPE A.dwg"
[2022/12/14 15:35:48] 153548 ■ｻｰﾊﾞｰｻｲﾄﾞ:C:\ProgramData\TOYOCOMMON\Autocad\TITLE\Title_2015_TOYO-TYPE A.dwg
 -> テンポラリ:C:\Users\Lenovo\AppData\Local\Temp\sbpn2jyb.jza 取得成功
[2022/12/14 15:35:48] 153548 ■ディレクトリ "C:\Users\Public\Documents\Autodesk\AutoCAD Mechanical 2015\Acadm\Gen\Dwg\Title\TOYO" が無いため作成しました。処理を続けます
[2022/12/14 15:35:48] 153548 ■テンポラリ:SasaLib.ManagedTemporaryFile -> ﾛｰｶﾙｻｲﾄﾞ:C:\Users\Public\Documents\Autodesk\AutoCAD Mechanical 2015\Acadm\Gen\Dwg\Title\TOYO\TOYO-TYPE A.dwg 移動成功
[2022/12/14 15:35:48] 153548 ■コメント "[2.2]組立図レイアウト図用表題欄"
[2022/12/14 15:35:48] 153548 ■ﾛｰｶﾙｻｲﾄﾞ:"%PUBLIC%\Documents\Autodesk\AutoCAD Mechanical 2015\Acadm\Gen\Dwg\Title\TOYO\TOYO-TYPE B.dwg"
[2022/12/14 15:35:48] 153548 ■-> 環境変数展開後:"C:\Users\Public\Documents\Autodesk\AutoCAD Mechanical 2015\Acadm\Gen\Dwg\Title\TOYO\TOYO-TYPE B.dwg"
[2022/12/14 15:35:48] 153548 ■ｻｰﾊﾞｰｻｲﾄﾞ:C:\ProgramData\TOYOCOMMON\Autocad\TITLE\Title_2015_TOYO-TYPE B.dwg
 -> テンポラリ:C:\Users\Lenovo\AppData\Local\Temp\ms2mixjv.mr3 取得成功
[2022/12/14 15:35:48] 153548 ■ディレクトリ "C:\Users\Public\Documents\Autodesk\AutoCAD Mechanical 2015\Acadm\Gen\Dwg\Title\TOYO" は既に存在しています。処理を続けます
[2022/12/14 15:35:48] 153548 ■テンポラリ:SasaLib.ManagedTemporaryFile -> ﾛｰｶﾙｻｲﾄﾞ:C:\Users\Public\Documents\Autodesk\AutoCAD Mechanical 2015\Acadm\Gen\Dwg\Title\TOYO\TOYO-TYPE B.dwg 移動成功
[2022/12/14 15:35:48] 153548 ■コメント "[2.3]テーブル部品図用表題欄"
[2022/12/14 15:35:48] 153548 ■ﾛｰｶﾙｻｲﾄﾞ:"%PUBLIC%\Documents\Autodesk\AutoCAD Mechanical 2015\Acadm\Gen\Dwg\Title\TOYO\TOYO-TYPE-テーブル.dwg"
[2022/12/14 15:35:48] 153548 ■-> 環境変数展開後:"C:\Users\Public\Documents\Autodesk\AutoCAD Mechanical 2015\Acadm\Gen\Dwg\Title\TOYO\TOYO-TYPE-テーブル.dwg"
[2022/12/14 15:35:48] 153548 ■ｻｰﾊﾞｰｻｲﾄﾞ:C:\ProgramData\TOYOCOMMON\Autocad\TITLE\Title_2015_TOYO-TYPE-テーブル.dwg
 -> テンポラリ:C:\Users\Lenovo\AppData\Local\Temp\vxfnd0si.khw 取得成功
[2022/12/14 15:35:48] 153548 ■ディレクトリ "C:\Users\Public\Documents\Autodesk\AutoCAD Mechanical 2015\Acadm\Gen\Dwg\Title\TOYO" は既に存在しています。処理を続けます
[2022/12/14 15:35:49] 153548 ■テンポラリ:SasaLib.ManagedTemporaryFile -> ﾛｰｶﾙｻｲﾄﾞ:C:\Users\Public\Documents\Autodesk\AutoCAD Mechanical 2015\Acadm\Gen\Dwg\Title\TOYO\TOYO-TYPE-テーブル.dwg 移動成功
[2022/12/14 15:35:49] 153548 ■コメント "[2.4]薄板部品図用表題欄"
[2022/12/14 15:35:49] 153548 ■ﾛｰｶﾙｻｲﾄﾞ:"%PUBLIC%\Documents\Autodesk\AutoCAD Mechanical 2015\Acadm\Gen\Dwg\Title\TOYO\TOYO-TYPE-薄板.dwg"
[2022/12/14 15:35:49] 153548 ■-> 環境変数展開後:"C:\Users\Public\Documents\Autodesk\AutoCAD Mechanical 2015\Acadm\Gen\Dwg\Title\TOYO\TOYO-TYPE-薄板.dwg"
[2022/12/14 15:35:49] 153548 ■ｻｰﾊﾞｰｻｲﾄﾞ:C:\ProgramData\TOYOCOMMON\Autocad\TITLE\Title_2015_TOYO-TYPE-薄板.dwg
 -> テンポラリ:C:\Users\Lenovo\AppData\Local\Temp\hcshqkab.uzu 取得成功
[2022/12/14 15:35:49] 153548 ■ディレクトリ "C:\Users\Public\Documents\Autodesk\AutoCAD Mechanical 2015\Acadm\Gen\Dwg\Title\TOYO" は既に存在しています。処理を続けます
[2022/12/14 15:35:49] 153548 ■テンポラリ:SasaLib.ManagedTemporaryFile -> ﾛｰｶﾙｻｲﾄﾞ:C:\Users\Public\Documents\Autodesk\AutoCAD Mechanical 2015\Acadm\Gen\Dwg\Title\TOYO\TOYO-TYPE-薄板.dwg 移動成功
[2022/12/14 15:35:49] 153548 ■コメント "[3.1]図面シートフォーマット 組立・レイアウト図用 A0横"
[2022/12/14 15:35:49] 153548 ■ﾛｰｶﾙｻｲﾄﾞ:"%PUBLIC%\Documents\Autodesk\AutoCAD Mechanical 2015\Acadm\Gen\Dwg\Format\TOYO\TOYO-A0L-ASSY.dwg"
[2022/12/14 15:35:49] 153548 ■-> 環境変数展開後:"C:\Users\Public\Documents\Autodesk\AutoCAD Mechanical 2015\Acadm\Gen\Dwg\Format\TOYO\TOYO-A0L-ASSY.dwg"
[2022/12/14 15:35:49] 153548 ■ｻｰﾊﾞｰｻｲﾄﾞ:C:\ProgramData\TOYOCOMMON\Autocad\Format\Format_2015_TOYO-A0L-ASSY.dwg
 -> テンポラリ:C:\Users\Lenovo\AppData\Local\Temp\evavw5gz.ztq 取得成功
[2022/12/14 15:35:49] 153548 ■ディレクトリ "C:\Users\Public\Documents\Autodesk\AutoCAD Mechanical 2015\Acadm\Gen\Dwg\Format\TOYO" が無いため作成しました。処理を続けます
[2022/12/14 15:35:49] 153548 ■テンポラリ:SasaLib.ManagedTemporaryFile -> ﾛｰｶﾙｻｲﾄﾞ:C:\Users\Public\Documents\Autodesk\AutoCAD Mechanical 2015\Acadm\Gen\Dwg\Format\TOYO\TOYO-A0L-ASSY.dwg 移動成功
[2022/12/14 15:35:49] 153548 ■コメント "[3.2]図面シートフォーマット 部品図用 A0横"
[2022/12/14 15:35:49] 153548 ■ﾛｰｶﾙｻｲﾄﾞ:"%PUBLIC%\Documents\Autodesk\AutoCAD Mechanical 2015\Acadm\Gen\Dwg\Format\TOYO\TOYO-A0L-PARTS.dwg"
[2022/12/14 15:35:49] 153548 ■-> 環境変数展開後:"C:\Users\Public\Documents\Autodesk\AutoCAD Mechanical 2015\Acadm\Gen\Dwg\Format\TOYO\TOYO-A0L-PARTS.dwg"
[2022/12/14 15:35:49] 153548 ■ｻｰﾊﾞｰｻｲﾄﾞ:C:\ProgramData\TOYOCOMMON\Autocad\Format\Format_2015_TOYO-A0L-PARTS.dwg
 -> テンポラリ:C:\Users\Lenovo\AppData\Local\Temp\olsrorcm.xsc 取得成功
[2022/12/14 15:35:49] 153548 ■ディレクトリ "C:\Users\Public\Documents\Autodesk\AutoCAD Mechanical 2015\Acadm\Gen\Dwg\Format\TOYO" は既に存在しています。処理を続けます
[2022/12/14 15:35:49] 153548 ■テンポラリ:SasaLib.ManagedTemporaryFile -> ﾛｰｶﾙｻｲﾄﾞ:C:\Users\Public\Documents\Autodesk\AutoCAD Mechanical 2015\Acadm\Gen\Dwg\Format\TOYO\TOYO-A0L-PARTS.dwg 移動成功
[2022/12/14 15:35:49] 153548 ■コメント "[3.3]図面シートフォーマット 組立・レイアウト図用 A1横"
[2022/12/14 15:35:49] 153548 ■ﾛｰｶﾙｻｲﾄﾞ:"%PUBLIC%\Documents\Autodesk\AutoCAD Mechanical 2015\Acadm\Gen\Dwg\Format\TOYO\TOYO-A1L-ASSY.dwg"
[2022/12/14 15:35:49] 153548 ■-> 環境変数展開後:"C:\Users\Public\Documents\Autodesk\AutoCAD Mechanical 2015\Acadm\Gen\Dwg\Format\TOYO\TOYO-A1L-ASSY.dwg"
[2022/12/14 15:35:49] 153548 ■ｻｰﾊﾞｰｻｲﾄﾞ:C:\ProgramData\TOYOCOMMON\Autocad\Format\Format_2015_TOYO-A1L-ASSY.dwg
 -> テンポラリ:C:\Users\Lenovo\AppData\Local\Temp\rgvjt3ck.vsz 取得成功
[2022/12/14 15:35:49] 153548 ■ディレクトリ "C:\Users\Public\Documents\Autodesk\AutoCAD Mechanical 2015\Acadm\Gen\Dwg\Format\TOYO" は既に存在しています。処理を続けます
[2022/12/14 15:35:49] 153548 ■テンポラリ:SasaLib.ManagedTemporaryFile -> ﾛｰｶﾙｻｲﾄﾞ:C:\Users\Public\Documents\Autodesk\AutoCAD Mechanical 2015\Acadm\Gen\Dwg\Format\TOYO\TOYO-A1L-ASSY.dwg 移動成功
[2022/12/14 15:35:49] 153548 ■コメント "[3.4]図面シートフォーマット 部品図用 A1横"
[2022/12/14 15:35:49] 153548 ■ﾛｰｶﾙｻｲﾄﾞ:"%PUBLIC%\Documents\Autodesk\AutoCAD Mechanical 2015\Acadm\Gen\Dwg\Format\TOYO\TOYO-A1L-PARTS.dwg"
[2022/12/14 15:35:49] 153548 ■-> 環境変数展開後:"C:\Users\Public\Documents\Autodesk\AutoCAD Mechanical 2015\Acadm\Gen\Dwg\Format\TOYO\TOYO-A1L-PARTS.dwg"
[2022/12/14 15:35:49] 153548 ■ｻｰﾊﾞｰｻｲﾄﾞ:C:\ProgramData\TOYOCOMMON\Autocad\Format\Format_2015_TOYO-A1L-PARTS.dwg
 -> テンポラリ:C:\Users\Lenovo\AppData\Local\Temp\ddgi31na.oas 取得成功
[2022/12/14 15:35:49] 153548 ■ディレクトリ "C:\Users\Public\Documents\Autodesk\AutoCAD Mechanical 2015\Acadm\Gen\Dwg\Format\TOYO" は既に存在しています。処理を続けます
[2022/12/14 15:35:49] 153548 ■テンポラリ:SasaLib.ManagedTemporaryFile -> ﾛｰｶﾙｻｲﾄﾞ:C:\Users\Public\Documents\Autodesk\AutoCAD Mechanical 2015\Acadm\Gen\Dwg\Format\TOYO\TOYO-A1L-PARTS.dwg 移動成功
[2022/12/14 15:35:49] 153548 ■コメント "[3.5]図面シートフォーマット 組立・レイアウト図用 A2横"
[2022/12/14 15:35:49] 153548 ■ﾛｰｶﾙｻｲﾄﾞ:"%PUBLIC%\Documents\Autodesk\AutoCAD Mechanical 2015\Acadm\Gen\Dwg\Format\TOYO\TOYO-A2L-ASSY.dwg"
[2022/12/14 15:35:49] 153548 ■-> 環境変数展開後:"C:\Users\Public\Documents\Autodesk\AutoCAD Mechanical 2015\Acadm\Gen\Dwg\Format\TOYO\TOYO-A2L-ASSY.dwg"
[2022/12/14 15:35:49] 153548 ■ｻｰﾊﾞｰｻｲﾄﾞ:C:\ProgramData\TOYOCOMMON\Autocad\Format\Format_2015_TOYO-A2L-ASSY.dwg
 -> テンポラリ:C:\Users\Lenovo\AppData\Local\Temp\me23ecej.xql 取得成功
[2022/12/14 15:35:49] 153548 ■ディレクトリ "C:\Users\Public\Documents\Autodesk\AutoCAD Mechanical 2015\Acadm\Gen\Dwg\Format\TOYO" は既に存在しています。処理を続けます
[2022/12/14 15:35:49] 153548 ■テンポラリ:SasaLib.ManagedTemporaryFile -> ﾛｰｶﾙｻｲﾄﾞ:C:\Users\Public\Documents\Autodesk\AutoCAD Mechanical 2015\Acadm\Gen\Dwg\Format\TOYO\TOYO-A2L-ASSY.dwg 移動成功
[2022/12/14 15:35:49] 153548 ■コメント "[3.6]図面シートフォーマット 部品図用 A2横"
[2022/12/14 15:35:49] 153548 ■ﾛｰｶﾙｻｲﾄﾞ:"%PUBLIC%\Documents\Autodesk\AutoCAD Mechanical 2015\Acadm\Gen\Dwg\Format\TOYO\TOYO-A2L-PARTS.dwg"
[2022/12/14 15:35:49] 153548 ■-> 環境変数展開後:"C:\Users\Public\Documents\Autodesk\AutoCAD Mechanical 2015\Acadm\Gen\Dwg\Format\TOYO\TOYO-A2L-PARTS.dwg"
[2022/12/14 15:35:49] 153548 ■ｻｰﾊﾞｰｻｲﾄﾞ:C:\ProgramData\TOYOCOMMON\Autocad\Format\Format_2015_TOYO-A2L-PARTS.dwg
 -> テンポラリ:C:\Users\Lenovo\AppData\Local\Temp\0xcdrnak.f4c 取得成功
[2022/12/14 15:35:49] 153548 ■ディレクトリ "C:\Users\Public\Documents\Autodesk\AutoCAD Mechanical 2015\Acadm\Gen\Dwg\Format\TOYO" は既に存在しています。処理を続けます
[2022/12/14 15:35:49] 153548 ■テンポラリ:SasaLib.ManagedTemporaryFile -> ﾛｰｶﾙｻｲﾄﾞ:C:\Users\Public\Documents\Autodesk\AutoCAD Mechanical 2015\Acadm\Gen\Dwg\Format\TOYO\TOYO-A2L-PARTS.dwg 移動成功
[2022/12/14 15:35:49] 153548 ■コメント "[3.7]図面シートフォーマット 組立・レイアウト図用 A3横"
[2022/12/14 15:35:49] 153548 ■ﾛｰｶﾙｻｲﾄﾞ:"%PUBLIC%\Documents\Autodesk\AutoCAD Mechanical 2015\Acadm\Gen\Dwg\Format\TOYO\TOYO-A3L-ASSY.dwg"
[2022/12/14 15:35:49] 153548 ■-> 環境変数展開後:"C:\Users\Public\Documents\Autodesk\AutoCAD Mechanical 2015\Acadm\Gen\Dwg\Format\TOYO\TOYO-A3L-ASSY.dwg"
[2022/12/14 15:35:49] 153548 ■ｻｰﾊﾞｰｻｲﾄﾞ:C:\ProgramData\TOYOCOMMON\Autocad\Format\Format_2015_TOYO-A3L-ASSY.dwg
 -> テンポラリ:C:\Users\Lenovo\AppData\Local\Temp\o5sbn3gm.f20 取得成功
[2022/12/14 15:35:49] 153548 ■ディレクトリ "C:\Users\Public\Documents\Autodesk\AutoCAD Mechanical 2015\Acadm\Gen\Dwg\Format\TOYO" は既に存在しています。処理を続けます
[2022/12/14 15:35:49] 153548 ■テンポラリ:SasaLib.ManagedTemporaryFile -> ﾛｰｶﾙｻｲﾄﾞ:C:\Users\Public\Documents\Autodesk\AutoCAD Mechanical 2015\Acadm\Gen\Dwg\Format\TOYO\TOYO-A3L-ASSY.dwg 移動成功
[2022/12/14 15:35:49] 153548 ■コメント "[3.8]図面シートフォーマット 部品図用 A3横"
[2022/12/14 15:35:49] 153548 ■ﾛｰｶﾙｻｲﾄﾞ:"%PUBLIC%\Documents\Autodesk\AutoCAD Mechanical 2015\Acadm\Gen\Dwg\Format\TOYO\TOYO-A3L-PARTS.dwg"
[2022/12/14 15:35:49] 153548 ■-> 環境変数展開後:"C:\Users\Public\Documents\Autodesk\AutoCAD Mechanical 2015\Acadm\Gen\Dwg\Format\TOYO\TOYO-A3L-PARTS.dwg"
[2022/12/14 15:35:50] 153548 ■ｻｰﾊﾞｰｻｲﾄﾞ:C:\ProgramData\TOYOCOMMON\Autocad\Format\Format_2015_TOYO-A3L-PARTS.dwg
 -> テンポラリ:C:\Users\Lenovo\AppData\Local\Temp\lxe34gl0.bjs 取得成功
[2022/12/14 15:35:50] 153548 ■ディレクトリ "C:\Users\Public\Documents\Autodesk\AutoCAD Mechanical 2015\Acadm\Gen\Dwg\Format\TOYO" は既に存在しています。処理を続けます
[2022/12/14 15:35:50] 153548 ■テンポラリ:SasaLib.ManagedTemporaryFile -> ﾛｰｶﾙｻｲﾄﾞ:C:\Users\Public\Documents\Autodesk\AutoCAD Mechanical 2015\Acadm\Gen\Dwg\Format\TOYO\TOYO-A3L-PARTS.dwg 移動成功
[2022/12/14 15:35:50] 153548 ■コメント "[3.9]図面シートフォーマット 組立・レイアウト図用 A4縦"
[2022/12/14 15:35:50] 153548 ■ﾛｰｶﾙｻｲﾄﾞ:"%PUBLIC%\Documents\Autodesk\AutoCAD Mechanical 2015\Acadm\Gen\Dwg\Format\TOYO\TOYO-A4R-ASSY.dwg"
[2022/12/14 15:35:50] 153548 ■-> 環境変数展開後:"C:\Users\Public\Documents\Autodesk\AutoCAD Mechanical 2015\Acadm\Gen\Dwg\Format\TOYO\TOYO-A4R-ASSY.dwg"
[2022/12/14 15:35:50] 153548 ■ｻｰﾊﾞｰｻｲﾄﾞ:C:\ProgramData\TOYOCOMMON\Autocad\Format\Format_2015_TOYO-A4R-ASSY.dwg
 -> テンポラリ:C:\Users\Lenovo\AppData\Local\Temp\1u5sy0mr.wky 取得成功
[2022/12/14 15:35:50] 153548 ■ディレクトリ "C:\Users\Public\Documents\Autodesk\AutoCAD Mechanical 2015\Acadm\Gen\Dwg\Format\TOYO" は既に存在しています。処理を続けます
[2022/12/14 15:35:50] 153548 ■テンポラリ:SasaLib.ManagedTemporaryFile -> ﾛｰｶﾙｻｲﾄﾞ:C:\Users\Public\Documents\Autodesk\AutoCAD Mechanical 2015\Acadm\Gen\Dwg\Format\TOYO\TOYO-A4R-ASSY.dwg 移動成功
[2022/12/14 15:35:50] 153548 ■コメント "[3.10]図面シートフォーマット 部品図用 A4縦"
[2022/12/14 15:35:50] 153548 ■ﾛｰｶﾙｻｲﾄﾞ:"%PUBLIC%\Documents\Autodesk\AutoCAD Mechanical 2015\Acadm\Gen\Dwg\Format\TOYO\TOYO-A4R-PARTS.dwg"
[2022/12/14 15:35:50] 153548 ■-> 環境変数展開後:"C:\Users\Public\Documents\Autodesk\AutoCAD Mechanical 2015\Acadm\Gen\Dwg\Format\TOYO\TOYO-A4R-PARTS.dwg"
[2022/12/14 15:35:50] 153548 ■ｻｰﾊﾞｰｻｲﾄﾞ:C:\ProgramData\TOYOCOMMON\Autocad\Format\Format_2015_TOYO-A4R-PARTS.dwg
 -> テンポラリ:C:\Users\Lenovo\AppData\Local\Temp\k1gv1olg.ap3 取得成功
[2022/12/14 15:35:50] 153548 ■ディレクトリ "C:\Users\Public\Documents\Autodesk\AutoCAD Mechanical 2015\Acadm\Gen\Dwg\Format\TOYO" は既に存在しています。処理を続けます
[2022/12/14 15:35:50] 153548 ■テンポラリ:SasaLib.ManagedTemporaryFile -> ﾛｰｶﾙｻｲﾄﾞ:C:\Users\Public\Documents\Autodesk\AutoCAD Mechanical 2015\Acadm\Gen\Dwg\Format\TOYO\TOYO-A4R-PARTS.dwg 移動成功
[2022/12/14 15:35:50] 153548 ■コメント "[4.1]ﾘﾋﾞｼﾞｮﾝテーブル"
[2022/12/14 15:35:50] 153548 ■ﾛｰｶﾙｻｲﾄﾞ:"%PUBLIC%\Documents\Autodesk\AutoCAD Mechanical 2015\Acadm\Gen\Dwg\Revisionlist\TOYO\TOYO_REVLIST.dwg"
[2022/12/14 15:35:50] 153548 ■-> 環境変数展開後:"C:\Users\Public\Documents\Autodesk\AutoCAD Mechanical 2015\Acadm\Gen\Dwg\Revisionlist\TOYO\TOYO_REVLIST.dwg"
[2022/12/14 15:35:50] 153548 ■ｻｰﾊﾞｰｻｲﾄﾞ:C:\ProgramData\TOYOCOMMON\Autocad\Revisionlist\Revisionlist_2015_TOYO_REVLIST.dwg
 -> テンポラリ:C:\Users\Lenovo\AppData\Local\Temp\1j1dnhnz.3jf 取得成功
[2022/12/14 15:35:50] 153548 ■ディレクトリ "C:\Users\Public\Documents\Autodesk\AutoCAD Mechanical 2015\Acadm\Gen\Dwg\Revisionlist\TOYO" が無いため作成しました。処理を続けます
[2022/12/14 15:35:50] 153548 ■テンポラリ:SasaLib.ManagedTemporaryFile -> ﾛｰｶﾙｻｲﾄﾞ:C:\Users\Public\Documents\Autodesk\AutoCAD Mechanical 2015\Acadm\Gen\Dwg\Revisionlist\TOYO\TOYO_REVLIST.dwg 移動成功
[2022/12/14 15:35:50] 153548 ■ファイル取得指示の結果はTrueでした。
[2022/12/14 15:35:50] 153548 ■コントロールファイル "AM2015テンプレート・図枠・表題欄など取得.Conf" を削除しました
[2022/12/14 15:35:50] 153548 ■Addin追加指令を実行しました。元のファイルは 履歴ﾌｧｲﾙ ".\AM2015テンプレート・図枠・表題欄など取得.Conf_2022-00-02_120000.Applied" として保存しました
[2022/12/14 15:35:50] 153548 ■Addin追加指令ﾌｧｲﾙ 処理を終了します
