[2022/12/14 15:35:23] 153523 
[2022/12/14 15:35:23] 153523 ■ファイル取得指示が 18 件あります。
[2022/12/14 15:35:23] 153523 ■コメント "[1.1]テンプレートファイル"
[2022/12/14 15:35:23] 153523 ■ﾛｰｶﾙｻｲﾄﾞ:"%LOCALAPPDATA%\Autodesk\AutoCAD Mechanical 2022\R24.1\jpn\Acadm\Template\am_JIS-TOYO.dwt"
[2022/12/14 15:35:23] 153523 ■-> 環境変数展開後:"C:\Users\Lenovo\AppData\Local\Autodesk\AutoCAD Mechanical 2022\R24.1\jpn\Acadm\Template\am_JIS-TOYO.dwt"
[2022/12/14 15:35:23] 153523 ■ｻｰﾊﾞｰｻｲﾄﾞ:C:\ProgramData\TOYOCOMMON\Autocad\Template\am2022_JIS-TOYO.dwt
 -> テンポラリ:C:\Users\Lenovo\AppData\Local\Temp\3aooyh4g.h2j 取得成功
[2022/12/14 15:35:23] 153523 ■ディレクトリ "C:\Users\Lenovo\AppData\Local\Autodesk\AutoCAD Mechanical 2022\R24.1\jpn\Acadm\Template" が無いため作成しました。処理を続けます
[2022/12/14 15:35:23] 153523 ■テンポラリ:SasaLib.ManagedTemporaryFile -> ﾛｰｶﾙｻｲﾄﾞ:C:\Users\Lenovo\AppData\Local\Autodesk\AutoCAD Mechanical 2022\R24.1\jpn\Acadm\Template\am_JIS-TOYO.dwt 移動成功
[2022/12/14 15:35:23] 153523 ■コメント "[1.2]テンプレートファイル TOYO-PageSetUP.dwt"
[2022/12/14 15:35:23] 153523 ■ﾛｰｶﾙｻｲﾄﾞ:"%LOCALAPPDATA%\Autodesk\AutoCAD Mechanical 2022\R24.1\jpn\Acadm\Template\TOYO-PageSetUP.dwt"
[2022/12/14 15:35:23] 153523 ■-> 環境変数展開後:"C:\Users\Lenovo\AppData\Local\Autodesk\AutoCAD Mechanical 2022\R24.1\jpn\Acadm\Template\TOYO-PageSetUP.dwt"
[2022/12/14 15:35:23] 153523 ■ｻｰﾊﾞｰｻｲﾄﾞ:C:\ProgramData\TOYOCOMMON\Autocad\Template\am2022_TOYO-PageSetUP.dwt
 -> テンポラリ:C:\Users\Lenovo\AppData\Local\Temp\ajnwfmh0.xc0 取得成功
[2022/12/14 15:35:23] 153523 ■ディレクトリ "C:\Users\Lenovo\AppData\Local\Autodesk\AutoCAD Mechanical 2022\R24.1\jpn\Acadm\Template" は既に存在しています。処理を続けます
[2022/12/14 15:35:23] 153523 ■テンポラリ:SasaLib.ManagedTemporaryFile -> ﾛｰｶﾙｻｲﾄﾞ:C:\Users\Lenovo\AppData\Local\Autodesk\AutoCAD Mechanical 2022\R24.1\jpn\Acadm\Template\TOYO-PageSetUP.dwt 移動成功
[2022/12/14 15:35:23] 153523 ■コメント "[1.3]テンプレートファイル am2022_トレサビリティマトリックス説明図用.dwt"
[2022/12/14 15:35:23] 153523 ■ﾛｰｶﾙｻｲﾄﾞ:"%LOCALAPPDATA%\Autodesk\AutoCAD Mechanical 2022\R24.1\jpn\Acadm\Template\am2022_トレサビリティマトリックス説明図用.dwt"
[2022/12/14 15:35:23] 153523 ■-> 環境変数展開後:"C:\Users\Lenovo\AppData\Local\Autodesk\AutoCAD Mechanical 2022\R24.1\jpn\Acadm\Template\am2022_トレサビリティマトリックス説明図用.dwt"
[2022/12/14 15:35:23] 153523 ■ｻｰﾊﾞｰｻｲﾄﾞ:C:\ProgramData\TOYOCOMMON\Autocad\Template\am2022_トレサビリティマトリックス説明図用.dwt
 -> テンポラリ:C:\Users\Lenovo\AppData\Local\Temp\vknoquk2.mhh 取得成功
[2022/12/14 15:35:23] 153523 ■ディレクトリ "C:\Users\Lenovo\AppData\Local\Autodesk\AutoCAD Mechanical 2022\R24.1\jpn\Acadm\Template" は既に存在しています。処理を続けます
[2022/12/14 15:35:23] 153523 ■テンポラリ:SasaLib.ManagedTemporaryFile -> ﾛｰｶﾙｻｲﾄﾞ:C:\Users\Lenovo\AppData\Local\Autodesk\AutoCAD Mechanical 2022\R24.1\jpn\Acadm\Template\am2022_トレサビリティマトリックス説明図用.dwt 移動成功
[2022/12/14 15:35:23] 153523 ■コメント "[2.1]部品図用表題欄"
[2022/12/14 15:35:23] 153523 ■ﾛｰｶﾙｻｲﾄﾞ:"%PUBLIC%\Documents\Autodesk\AutoCAD Mechanical 2022\Acadm\Gen\Dwg\Title\TOYO\TOYO-TYPE A.dwg"
[2022/12/14 15:35:23] 153523 ■-> 環境変数展開後:"C:\Users\Public\Documents\Autodesk\AutoCAD Mechanical 2022\Acadm\Gen\Dwg\Title\TOYO\TOYO-TYPE A.dwg"
[2022/12/14 15:35:23] 153523 ■ｻｰﾊﾞｰｻｲﾄﾞ:C:\ProgramData\TOYOCOMMON\Autocad\TITLE\Title_2022_TOYO-TYPE A.dwg
 -> テンポラリ:C:\Users\Lenovo\AppData\Local\Temp\vhnqs1c3.ms5 取得成功
[2022/12/14 15:35:23] 153523 ■ディレクトリ "C:\Users\Public\Documents\Autodesk\AutoCAD Mechanical 2022\Acadm\Gen\Dwg\Title\TOYO" が無いため作成しました。処理を続けます
[2022/12/14 15:35:23] 153523 ■テンポラリ:SasaLib.ManagedTemporaryFile -> ﾛｰｶﾙｻｲﾄﾞ:C:\Users\Public\Documents\Autodesk\AutoCAD Mechanical 2022\Acadm\Gen\Dwg\Title\TOYO\TOYO-TYPE A.dwg 移動成功
[2022/12/14 15:35:24] 153523 ■コメント "[2.2]組立図レイアウト図用表題欄"
[2022/12/14 15:35:24] 153523 ■ﾛｰｶﾙｻｲﾄﾞ:"%PUBLIC%\Documents\Autodesk\AutoCAD Mechanical 2022\Acadm\Gen\Dwg\Title\TOYO\TOYO-TYPE B.dwg"
[2022/12/14 15:35:24] 153523 ■-> 環境変数展開後:"C:\Users\Public\Documents\Autodesk\AutoCAD Mechanical 2022\Acadm\Gen\Dwg\Title\TOYO\TOYO-TYPE B.dwg"
[2022/12/14 15:35:24] 153523 ■ｻｰﾊﾞｰｻｲﾄﾞ:C:\ProgramData\TOYOCOMMON\Autocad\TITLE\Title_2022_TOYO-TYPE B.dwg
 -> テンポラリ:C:\Users\Lenovo\AppData\Local\Temp\s0n1uxww.vrw 取得成功
[2022/12/14 15:35:24] 153523 ■ディレクトリ "C:\Users\Public\Documents\Autodesk\AutoCAD Mechanical 2022\Acadm\Gen\Dwg\Title\TOYO" は既に存在しています。処理を続けます
[2022/12/14 15:35:24] 153523 ■テンポラリ:SasaLib.ManagedTemporaryFile -> ﾛｰｶﾙｻｲﾄﾞ:C:\Users\Public\Documents\Autodesk\AutoCAD Mechanical 2022\Acadm\Gen\Dwg\Title\TOYO\TOYO-TYPE B.dwg 移動成功
[2022/12/14 15:35:24] 153523 ■コメント "[2.3]テーブル部品図用表題欄"
[2022/12/14 15:35:24] 153523 ■ﾛｰｶﾙｻｲﾄﾞ:"%PUBLIC%\Documents\Autodesk\AutoCAD Mechanical 2022\Acadm\Gen\Dwg\Title\TOYO\TOYO-TYPE-テーブル.dwg"
[2022/12/14 15:35:24] 153523 ■-> 環境変数展開後:"C:\Users\Public\Documents\Autodesk\AutoCAD Mechanical 2022\Acadm\Gen\Dwg\Title\TOYO\TOYO-TYPE-テーブル.dwg"
[2022/12/14 15:35:24] 153523 ■ｻｰﾊﾞｰｻｲﾄﾞ:C:\ProgramData\TOYOCOMMON\Autocad\TITLE\Title_2022_TOYO-TYPE-テーブル.dwg
 -> テンポラリ:C:\Users\Lenovo\AppData\Local\Temp\cwmhwvcd.cti 取得成功
[2022/12/14 15:35:24] 153523 ■ディレクトリ "C:\Users\Public\Documents\Autodesk\AutoCAD Mechanical 2022\Acadm\Gen\Dwg\Title\TOYO" は既に存在しています。処理を続けます
[2022/12/14 15:35:24] 153523 ■テンポラリ:SasaLib.ManagedTemporaryFile -> ﾛｰｶﾙｻｲﾄﾞ:C:\Users\Public\Documents\Autodesk\AutoCAD Mechanical 2022\Acadm\Gen\Dwg\Title\TOYO\TOYO-TYPE-テーブル.dwg 移動成功
[2022/12/14 15:35:24] 153523 ■コメント "[2.4]薄板部品図用表題欄"
[2022/12/14 15:35:24] 153523 ■ﾛｰｶﾙｻｲﾄﾞ:"%PUBLIC%\Documents\Autodesk\AutoCAD Mechanical 2022\Acadm\Gen\Dwg\Title\TOYO\TOYO-TYPE-薄板.dwg"
[2022/12/14 15:35:24] 153523 ■-> 環境変数展開後:"C:\Users\Public\Documents\Autodesk\AutoCAD Mechanical 2022\Acadm\Gen\Dwg\Title\TOYO\TOYO-TYPE-薄板.dwg"
[2022/12/14 15:35:24] 153523 ■ｻｰﾊﾞｰｻｲﾄﾞ:C:\ProgramData\TOYOCOMMON\Autocad\TITLE\Title_2022_TOYO-TYPE-薄板.dwg
 -> テンポラリ:C:\Users\Lenovo\AppData\Local\Temp\gyxhae0m.p0s 取得成功
[2022/12/14 15:35:24] 153523 ■ディレクトリ "C:\Users\Public\Documents\Autodesk\AutoCAD Mechanical 2022\Acadm\Gen\Dwg\Title\TOYO" は既に存在しています。処理を続けます
[2022/12/14 15:35:24] 153523 ■テンポラリ:SasaLib.ManagedTemporaryFile -> ﾛｰｶﾙｻｲﾄﾞ:C:\Users\Public\Documents\Autodesk\AutoCAD Mechanical 2022\Acadm\Gen\Dwg\Title\TOYO\TOYO-TYPE-薄板.dwg 移動成功
[2022/12/14 15:35:24] 153523 ■コメント "[3.1]図面シートフォーマット 組立・レイアウト図用 A0横"
[2022/12/14 15:35:24] 153523 ■ﾛｰｶﾙｻｲﾄﾞ:"%PUBLIC%\Documents\Autodesk\AutoCAD Mechanical 2022\Acadm\Gen\Dwg\Format\TOYO\TOYO-A0L-ASSY.dwg"
[2022/12/14 15:35:24] 153523 ■-> 環境変数展開後:"C:\Users\Public\Documents\Autodesk\AutoCAD Mechanical 2022\Acadm\Gen\Dwg\Format\TOYO\TOYO-A0L-ASSY.dwg"
[2022/12/14 15:35:24] 153523 ■ｻｰﾊﾞｰｻｲﾄﾞ:C:\ProgramData\TOYOCOMMON\Autocad\Format\Format_2022_TOYO-A0L-ASSY.dwg
 -> テンポラリ:C:\Users\Lenovo\AppData\Local\Temp\22xcvc4s.dzc 取得成功
[2022/12/14 15:35:24] 153523 ■ディレクトリ "C:\Users\Public\Documents\Autodesk\AutoCAD Mechanical 2022\Acadm\Gen\Dwg\Format\TOYO" が無いため作成しました。処理を続けます
[2022/12/14 15:35:24] 153523 ■テンポラリ:SasaLib.ManagedTemporaryFile -> ﾛｰｶﾙｻｲﾄﾞ:C:\Users\Public\Documents\Autodesk\AutoCAD Mechanical 2022\Acadm\Gen\Dwg\Format\TOYO\TOYO-A0L-ASSY.dwg 移動成功
[2022/12/14 15:35:24] 153523 ■コメント "[3.2]図面シートフォーマット 部品図用 A0横"
[2022/12/14 15:35:24] 153523 ■ﾛｰｶﾙｻｲﾄﾞ:"%PUBLIC%\Documents\Autodesk\AutoCAD Mechanical 2022\Acadm\Gen\Dwg\Format\TOYO\TOYO-A0L-PARTS.dwg"
[2022/12/14 15:35:24] 153523 ■-> 環境変数展開後:"C:\Users\Public\Documents\Autodesk\AutoCAD Mechanical 2022\Acadm\Gen\Dwg\Format\TOYO\TOYO-A0L-PARTS.dwg"
[2022/12/14 15:35:24] 153523 ■ｻｰﾊﾞｰｻｲﾄﾞ:C:\ProgramData\TOYOCOMMON\Autocad\Format\Format_2022_TOYO-A0L-PARTS.dwg
 -> テンポラリ:C:\Users\Lenovo\AppData\Local\Temp\kgl2jkup.ore 取得成功
[2022/12/14 15:35:24] 153523 ■ディレクトリ "C:\Users\Public\Documents\Autodesk\AutoCAD Mechanical 2022\Acadm\Gen\Dwg\Format\TOYO" は既に存在しています。処理を続けます
[2022/12/14 15:35:24] 153523 ■テンポラリ:SasaLib.ManagedTemporaryFile -> ﾛｰｶﾙｻｲﾄﾞ:C:\Users\Public\Documents\Autodesk\AutoCAD Mechanical 2022\Acadm\Gen\Dwg\Format\TOYO\TOYO-A0L-PARTS.dwg 移動成功
[2022/12/14 15:35:24] 153523 ■コメント "[3.3]図面シートフォーマット 組立・レイアウト図用 A1横"
[2022/12/14 15:35:24] 153523 ■ﾛｰｶﾙｻｲﾄﾞ:"%PUBLIC%\Documents\Autodesk\AutoCAD Mechanical 2022\Acadm\Gen\Dwg\Format\TOYO\TOYO-A1L-ASSY.dwg"
[2022/12/14 15:35:24] 153523 ■-> 環境変数展開後:"C:\Users\Public\Documents\Autodesk\AutoCAD Mechanical 2022\Acadm\Gen\Dwg\Format\TOYO\TOYO-A1L-ASSY.dwg"
[2022/12/14 15:35:24] 153523 ■ｻｰﾊﾞｰｻｲﾄﾞ:C:\ProgramData\TOYOCOMMON\Autocad\Format\Format_2022_TOYO-A1L-ASSY.dwg
 -> テンポラリ:C:\Users\Lenovo\AppData\Local\Temp\02hzm2hc.uug 取得成功
[2022/12/14 15:35:24] 153523 ■ディレクトリ "C:\Users\Public\Documents\Autodesk\AutoCAD Mechanical 2022\Acadm\Gen\Dwg\Format\TOYO" は既に存在しています。処理を続けます
[2022/12/14 15:35:24] 153523 ■テンポラリ:SasaLib.ManagedTemporaryFile -> ﾛｰｶﾙｻｲﾄﾞ:C:\Users\Public\Documents\Autodesk\AutoCAD Mechanical 2022\Acadm\Gen\Dwg\Format\TOYO\TOYO-A1L-ASSY.dwg 移動成功
[2022/12/14 15:35:24] 153523 ■コメント "[3.4]図面シートフォーマット 部品図用 A1横"
[2022/12/14 15:35:24] 153523 ■ﾛｰｶﾙｻｲﾄﾞ:"%PUBLIC%\Documents\Autodesk\AutoCAD Mechanical 2022\Acadm\Gen\Dwg\Format\TOYO\TOYO-A1L-PARTS.dwg"
[2022/12/14 15:35:24] 153523 ■-> 環境変数展開後:"C:\Users\Public\Documents\Autodesk\AutoCAD Mechanical 2022\Acadm\Gen\Dwg\Format\TOYO\TOYO-A1L-PARTS.dwg"
[2022/12/14 15:35:24] 153523 ■ｻｰﾊﾞｰｻｲﾄﾞ:C:\ProgramData\TOYOCOMMON\Autocad\Format\Format_2022_TOYO-A1L-PARTS.dwg
 -> テンポラリ:C:\Users\Lenovo\AppData\Local\Temp\cwqtdchu.4yp 取得成功
[2022/12/14 15:35:24] 153523 ■ディレクトリ "C:\Users\Public\Documents\Autodesk\AutoCAD Mechanical 2022\Acadm\Gen\Dwg\Format\TOYO" は既に存在しています。処理を続けます
[2022/12/14 15:35:24] 153523 ■テンポラリ:SasaLib.ManagedTemporaryFile -> ﾛｰｶﾙｻｲﾄﾞ:C:\Users\Public\Documents\Autodesk\AutoCAD Mechanical 2022\Acadm\Gen\Dwg\Format\TOYO\TOYO-A1L-PARTS.dwg 移動成功
[2022/12/14 15:35:24] 153523 ■コメント "[3.5]図面シートフォーマット 組立・レイアウト図用 A2横"
[2022/12/14 15:35:24] 153523 ■ﾛｰｶﾙｻｲﾄﾞ:"%PUBLIC%\Documents\Autodesk\AutoCAD Mechanical 2022\Acadm\Gen\Dwg\Format\TOYO\TOYO-A2L-ASSY.dwg"
[2022/12/14 15:35:24] 153523 ■-> 環境変数展開後:"C:\Users\Public\Documents\Autodesk\AutoCAD Mechanical 2022\Acadm\Gen\Dwg\Format\TOYO\TOYO-A2L-ASSY.dwg"
[2022/12/14 15:35:24] 153523 ■ｻｰﾊﾞｰｻｲﾄﾞ:C:\ProgramData\TOYOCOMMON\Autocad\Format\Format_2022_TOYO-A2L-ASSY.dwg
 -> テンポラリ:C:\Users\Lenovo\AppData\Local\Temp\i2tdbhd1.cj5 取得成功
[2022/12/14 15:35:24] 153523 ■ディレクトリ "C:\Users\Public\Documents\Autodesk\AutoCAD Mechanical 2022\Acadm\Gen\Dwg\Format\TOYO" は既に存在しています。処理を続けます
[2022/12/14 15:35:24] 153523 ■テンポラリ:SasaLib.ManagedTemporaryFile -> ﾛｰｶﾙｻｲﾄﾞ:C:\Users\Public\Documents\Autodesk\AutoCAD Mechanical 2022\Acadm\Gen\Dwg\Format\TOYO\TOYO-A2L-ASSY.dwg 移動成功
[2022/12/14 15:35:24] 153523 ■コメント "[3.6]図面シートフォーマット 部品図用 A2横"
[2022/12/14 15:35:24] 153523 ■ﾛｰｶﾙｻｲﾄﾞ:"%PUBLIC%\Documents\Autodesk\AutoCAD Mechanical 2022\Acadm\Gen\Dwg\Format\TOYO\TOYO-A2L-PARTS.dwg"
[2022/12/14 15:35:24] 153523 ■-> 環境変数展開後:"C:\Users\Public\Documents\Autodesk\AutoCAD Mechanical 2022\Acadm\Gen\Dwg\Format\TOYO\TOYO-A2L-PARTS.dwg"
[2022/12/14 15:35:24] 153523 ■ｻｰﾊﾞｰｻｲﾄﾞ:C:\ProgramData\TOYOCOMMON\Autocad\Format\Format_2022_TOYO-A2L-PARTS.dwg
 -> テンポラリ:C:\Users\Lenovo\AppData\Local\Temp\iifrroul.pid 取得成功
[2022/12/14 15:35:24] 153523 ■ディレクトリ "C:\Users\Public\Documents\Autodesk\AutoCAD Mechanical 2022\Acadm\Gen\Dwg\Format\TOYO" は既に存在しています。処理を続けます
[2022/12/14 15:35:24] 153523 ■テンポラリ:SasaLib.ManagedTemporaryFile -> ﾛｰｶﾙｻｲﾄﾞ:C:\Users\Public\Documents\Autodesk\AutoCAD Mechanical 2022\Acadm\Gen\Dwg\Format\TOYO\TOYO-A2L-PARTS.dwg 移動成功
[2022/12/14 15:35:24] 153523 ■コメント "[3.7]図面シートフォーマット 組立・レイアウト図用 A3横"
[2022/12/14 15:35:24] 153523 ■ﾛｰｶﾙｻｲﾄﾞ:"%PUBLIC%\Documents\Autodesk\AutoCAD Mechanical 2022\Acadm\Gen\Dwg\Format\TOYO\TOYO-A3L-ASSY.dwg"
[2022/12/14 15:35:24] 153523 ■-> 環境変数展開後:"C:\Users\Public\Documents\Autodesk\AutoCAD Mechanical 2022\Acadm\Gen\Dwg\Format\TOYO\TOYO-A3L-ASSY.dwg"
[2022/12/14 15:35:25] 153523 ■ｻｰﾊﾞｰｻｲﾄﾞ:C:\ProgramData\TOYOCOMMON\Autocad\Format\Format_2022_TOYO-A3L-ASSY.dwg
 -> テンポラリ:C:\Users\Lenovo\AppData\Local\Temp\rd0cgk3x.fsm 取得成功
[2022/12/14 15:35:25] 153523 ■ディレクトリ "C:\Users\Public\Documents\Autodesk\AutoCAD Mechanical 2022\Acadm\Gen\Dwg\Format\TOYO" は既に存在しています。処理を続けます
[2022/12/14 15:35:25] 153523 ■テンポラリ:SasaLib.ManagedTemporaryFile -> ﾛｰｶﾙｻｲﾄﾞ:C:\Users\Public\Documents\Autodesk\AutoCAD Mechanical 2022\Acadm\Gen\Dwg\Format\TOYO\TOYO-A3L-ASSY.dwg 移動成功
[2022/12/14 15:35:25] 153523 ■コメント "[3.8]図面シートフォーマット 部品図用 A3横"
[2022/12/14 15:35:25] 153523 ■ﾛｰｶﾙｻｲﾄﾞ:"%PUBLIC%\Documents\Autodesk\AutoCAD Mechanical 2022\Acadm\Gen\Dwg\Format\TOYO\TOYO-A3L-PARTS.dwg"
[2022/12/14 15:35:25] 153523 ■-> 環境変数展開後:"C:\Users\Public\Documents\Autodesk\AutoCAD Mechanical 2022\Acadm\Gen\Dwg\Format\TOYO\TOYO-A3L-PARTS.dwg"
[2022/12/14 15:35:25] 153523 ■ｻｰﾊﾞｰｻｲﾄﾞ:C:\ProgramData\TOYOCOMMON\Autocad\Format\Format_2022_TOYO-A3L-PARTS.dwg
 -> テンポラリ:C:\Users\Lenovo\AppData\Local\Temp\wy0h3ymp.mic 取得成功
[2022/12/14 15:35:25] 153523 ■ディレクトリ "C:\Users\Public\Documents\Autodesk\AutoCAD Mechanical 2022\Acadm\Gen\Dwg\Format\TOYO" は既に存在しています。処理を続けます
[2022/12/14 15:35:25] 153523 ■テンポラリ:SasaLib.ManagedTemporaryFile -> ﾛｰｶﾙｻｲﾄﾞ:C:\Users\Public\Documents\Autodesk\AutoCAD Mechanical 2022\Acadm\Gen\Dwg\Format\TOYO\TOYO-A3L-PARTS.dwg 移動成功
[2022/12/14 15:35:25] 153523 ■コメント "[3.9]図面シートフォーマット 組立・レイアウト図用 A4縦"
[2022/12/14 15:35:25] 153523 ■ﾛｰｶﾙｻｲﾄﾞ:"%PUBLIC%\Documents\Autodesk\AutoCAD Mechanical 2022\Acadm\Gen\Dwg\Format\TOYO\TOYO-A4R-ASSY.dwg"
[2022/12/14 15:35:25] 153523 ■-> 環境変数展開後:"C:\Users\Public\Documents\Autodesk\AutoCAD Mechanical 2022\Acadm\Gen\Dwg\Format\TOYO\TOYO-A4R-ASSY.dwg"
[2022/12/14 15:35:25] 153523 ■ｻｰﾊﾞｰｻｲﾄﾞ:C:\ProgramData\TOYOCOMMON\Autocad\Format\Format_2022_TOYO-A4R-ASSY.dwg
 -> テンポラリ:C:\Users\Lenovo\AppData\Local\Temp\y0vz55tm.c5z 取得成功
[2022/12/14 15:35:25] 153523 ■ディレクトリ "C:\Users\Public\Documents\Autodesk\AutoCAD Mechanical 2022\Acadm\Gen\Dwg\Format\TOYO" は既に存在しています。処理を続けます
[2022/12/14 15:35:25] 153523 ■テンポラリ:SasaLib.ManagedTemporaryFile -> ﾛｰｶﾙｻｲﾄﾞ:C:\Users\Public\Documents\Autodesk\AutoCAD Mechanical 2022\Acadm\Gen\Dwg\Format\TOYO\TOYO-A4R-ASSY.dwg 移動成功
[2022/12/14 15:35:25] 153523 ■コメント "[3.10]図面シートフォーマット 部品図用 A4縦"
[2022/12/14 15:35:25] 153523 ■ﾛｰｶﾙｻｲﾄﾞ:"%PUBLIC%\Documents\Autodesk\AutoCAD Mechanical 2022\Acadm\Gen\Dwg\Format\TOYO\TOYO-A4R-PARTS.dwg"
[2022/12/14 15:35:25] 153523 ■-> 環境変数展開後:"C:\Users\Public\Documents\Autodesk\AutoCAD Mechanical 2022\Acadm\Gen\Dwg\Format\TOYO\TOYO-A4R-PARTS.dwg"
[2022/12/14 15:35:25] 153523 ■ｻｰﾊﾞｰｻｲﾄﾞ:C:\ProgramData\TOYOCOMMON\Autocad\Format\Format_2022_TOYO-A4R-PARTS.dwg
 -> テンポラリ:C:\Users\Lenovo\AppData\Local\Temp\jaetlur0.qay 取得成功
[2022/12/14 15:35:25] 153523 ■ディレクトリ "C:\Users\Public\Documents\Autodesk\AutoCAD Mechanical 2022\Acadm\Gen\Dwg\Format\TOYO" は既に存在しています。処理を続けます
[2022/12/14 15:35:25] 153523 ■テンポラリ:SasaLib.ManagedTemporaryFile -> ﾛｰｶﾙｻｲﾄﾞ:C:\Users\Public\Documents\Autodesk\AutoCAD Mechanical 2022\Acadm\Gen\Dwg\Format\TOYO\TOYO-A4R-PARTS.dwg 移動成功
[2022/12/14 15:35:25] 153523 ■コメント "[4.1]ﾘﾋﾞｼﾞｮﾝテーブル"
[2022/12/14 15:35:25] 153523 ■ﾛｰｶﾙｻｲﾄﾞ:"%PUBLIC%\Documents\Autodesk\AutoCAD Mechanical 2022\Acadm\Gen\Dwg\Revisionlist\TOYO\TOYO_REVLIST.dwg"
[2022/12/14 15:35:25] 153523 ■-> 環境変数展開後:"C:\Users\Public\Documents\Autodesk\AutoCAD Mechanical 2022\Acadm\Gen\Dwg\Revisionlist\TOYO\TOYO_REVLIST.dwg"
[2022/12/14 15:35:25] 153523 ■ｻｰﾊﾞｰｻｲﾄﾞ:C:\ProgramData\TOYOCOMMON\Autocad\Revisionlist\Revisionlist_2022_TOYO_REVLIST.dwg
 -> テンポラリ:C:\Users\Lenovo\AppData\Local\Temp\ghko5w4j.sxu 取得成功
[2022/12/14 15:35:25] 153523 ■ディレクトリ "C:\Users\Public\Documents\Autodesk\AutoCAD Mechanical 2022\Acadm\Gen\Dwg\Revisionlist\TOYO" が無いため作成しました。処理を続けます
[2022/12/14 15:35:25] 153523 ■テンポラリ:SasaLib.ManagedTemporaryFile -> ﾛｰｶﾙｻｲﾄﾞ:C:\Users\Public\Documents\Autodesk\AutoCAD Mechanical 2022\Acadm\Gen\Dwg\Revisionlist\TOYO\TOYO_REVLIST.dwg 移動成功
[2022/12/14 15:35:25] 153523 ■ファイル取得指示の結果はTrueでした。
[2022/12/14 15:35:25] 153523 ■コントロールファイル "AM2022テンプレート・図枠・表題欄など取得.Conf" を削除しました
[2022/12/14 15:35:25] 153523 ■Addin追加指令を実行しました。元のファイルは 履歴ﾌｧｲﾙ ".\AM2022テンプレート・図枠・表題欄など取得.Conf_2022-00-02_120000.Applied" として保存しました
[2022/12/14 15:35:25] 153523 ■Addin追加指令ﾌｧｲﾙ 処理を終了します
